// Jest Snapshot v1, https://goo.gl/fbAQLP

exports[`NavBar renders correctly 1`] = `
<v-app-bar dark="" max-height="80px" class="nav d-flex justify-center pa-4">
  <v-text-field solo="" clearable="" label="Buscar..." append-icon="mdi-magnify" class="mb-2"></v-text-field>
</v-app-bar>
`;
