// Jest Snapshot v1, https://goo.gl/fbAQLP

exports[`RepoCard renders correctly 1`] = `
<v-card hover="" width="400" min-height="150" class="d-flex flex-column justify-between mt-3 mx-2">
  <v-row class="d-flex align-start justify-between">
    <v-col cols="8">
      <v-card-title></v-card-title>
    </v-col>
    <v-col cols="4">
      <v-card-text class="d-flex align-center justify-end">
        <v-icon>mdi-star</v-icon> <span></span>
      </v-card-text>
    </v-col>
  </v-row>
  <v-card-subtitle></v-card-subtitle>
</v-card>
`;
